<testsuites name="PestCase Tests">
	<testsuite name="testsuite" tests="5" failures="0" time="0.00040650367736816406">
	<testcase classname="is_game_over_test" time="0.000000">
	
</testcase>
<testcase classname="parse_input_test" time="0.000000">
	
</testcase>
<testcase classname="roll_test" time="0.000000">
	
</testcase>
<testcase classname="score_test" time="0.000000">
	<failure message="0 5's score test"></failure>

</testcase>
<testcase classname="update_score_test" time="0.000000">
	
</testcase>
</testsuite></testsuites>